// Vitest Snapshot v1, https://vitest.dev/guide/snapshot.html

exports[`Bitrix > should expose API methods 1`] = `
{
  "batch": [Function],
  "call": [Function],
  "companies": {
    "create": [Function],
    "fields": [Function],
    "get": [Function],
    "list": [Function],
    "update": [Function],
  },
  "contacts": {
    "create": [Function],
    "fields": [Function],
    "get": [Function],
    "list": [Function],
    "update": [Function],
  },
  "deals": {
    "create": [Function],
    "fields": [Function],
    "get": [Function],
    "list": [Function],
    "update": [Function],
  },
  "leads": {
    "create": [Function],
    "fields": [Function],
    "get": [Function],
    "list": [Function],
    "update": [Function],
  },
  "list": [Function],
  "statuses": {
    "create": [Function],
    "delete": [Function],
    "fields": [Function],
    "get": [Function],
    "list": [Function],
    "update": [Function],
  },
  "users": {
    "fields": [Function],
    "get": [Function],
  },
}
`;

exports[`Bitrix > should pass endpoint and access token to the client 1`] = `
[
  [
    "https://test.com",
    "test_token",
    undefined,
  ],
]
`;
