// Jest Snapshot v1, https://goo.gl/fbAQLP

exports[`Bitrix should expose API methods 1`] = `
Object {
  "batch": [Function],
  "call": [Function],
  "companies": Object {
    "create": [Function],
    "fields": [Function],
    "get": [Function],
    "list": [Function],
    "update": [Function],
  },
  "contacts": Object {
    "create": [Function],
    "fields": [Function],
    "get": [Function],
    "list": [Function],
    "update": [Function],
  },
  "deals": Object {
    "create": [Function],
    "fields": [Function],
    "get": [Function],
    "list": [Function],
    "update": [Function],
  },
  "leads": Object {
    "create": [Function],
    "fields": [Function],
    "get": [Function],
    "list": [Function],
    "update": [Function],
  },
  "list": [Function],
  "statuses": Object {
    "create": [Function],
    "delete": [Function],
    "fields": [Function],
    "get": [Function],
    "list": [Function],
    "update": [Function],
  },
}
`;

exports[`Bitrix should pass endpoint and access token to the client 1`] = `
Array [
  Array [
    "https://test.com",
    "test_token",
  ],
]
`;
