// Jest Snapshot v1, https://goo.gl/fbAQLP

exports[`Leads fields should get all fields 1`] = `
Object {
  "ADDRESS": Object {
    "isDynamic": false,
    "isImmutable": false,
    "isMultiple": false,
    "isReadOnly": false,
    "isRequired": false,
    "title": "Адрес",
    "type": "string",
  },
  "ADDRESS_2": Object {
    "isDynamic": false,
    "isImmutable": false,
    "isMultiple": false,
    "isReadOnly": false,
    "isRequired": false,
    "title": "Адрес (стр. 2)",
    "type": "string",
  },
  "ADDRESS_CITY": Object {
    "isDynamic": false,
    "isImmutable": false,
    "isMultiple": false,
    "isReadOnly": false,
    "isRequired": false,
    "title": "Город",
    "type": "string",
  },
  "ADDRESS_COUNTRY": Object {
    "isDynamic": false,
    "isImmutable": false,
    "isMultiple": false,
    "isReadOnly": false,
    "isRequired": false,
    "title": "Страна",
    "type": "string",
  },
  "ADDRESS_COUNTRY_CODE": Object {
    "isDynamic": false,
    "isImmutable": false,
    "isMultiple": false,
    "isReadOnly": false,
    "isRequired": false,
    "title": "Код страны",
    "type": "string",
  },
  "ADDRESS_POSTAL_CODE": Object {
    "isDynamic": false,
    "isImmutable": false,
    "isMultiple": false,
    "isReadOnly": false,
    "isRequired": false,
    "title": "Почтовый индекс",
    "type": "string",
  },
  "ADDRESS_PROVINCE": Object {
    "isDynamic": false,
    "isImmutable": false,
    "isMultiple": false,
    "isReadOnly": false,
    "isRequired": false,
    "title": "Область",
    "type": "string",
  },
  "ADDRESS_REGION": Object {
    "isDynamic": false,
    "isImmutable": false,
    "isMultiple": false,
    "isReadOnly": false,
    "isRequired": false,
    "title": "Район",
    "type": "string",
  },
  "ASSIGNED_BY_ID": Object {
    "isDynamic": false,
    "isImmutable": false,
    "isMultiple": false,
    "isReadOnly": false,
    "isRequired": false,
    "title": "Ответственный",
    "type": "user",
  },
  "BIRTHDATE": Object {
    "isDynamic": false,
    "isImmutable": false,
    "isMultiple": false,
    "isReadOnly": false,
    "isRequired": false,
    "title": "Дата рождения",
    "type": "date",
  },
  "COMMENTS": Object {
    "isDynamic": false,
    "isImmutable": false,
    "isMultiple": false,
    "isReadOnly": false,
    "isRequired": false,
    "title": "Комментарий",
    "type": "string",
  },
  "COMPANY_ID": Object {
    "isDynamic": false,
    "isImmutable": false,
    "isMultiple": false,
    "isReadOnly": false,
    "isRequired": false,
    "title": "Компания",
    "type": "crm_company",
  },
  "COMPANY_TITLE": Object {
    "isDynamic": false,
    "isImmutable": false,
    "isMultiple": false,
    "isReadOnly": false,
    "isRequired": false,
    "title": "Название компании",
    "type": "string",
  },
  "CONTACT_ID": Object {
    "isDeprecated": true,
    "isDynamic": false,
    "isImmutable": false,
    "isMultiple": false,
    "isReadOnly": false,
    "isRequired": false,
    "title": "Контакт",
    "type": "crm_contact",
  },
  "CONTACT_IDS": Object {
    "isDynamic": false,
    "isImmutable": false,
    "isMultiple": true,
    "isReadOnly": false,
    "isRequired": false,
    "title": "CONTACT_IDS",
    "type": "crm_contact",
  },
  "CREATED_BY_ID": Object {
    "isDynamic": false,
    "isImmutable": false,
    "isMultiple": false,
    "isReadOnly": true,
    "isRequired": false,
    "title": "Кем создан",
    "type": "user",
  },
  "CURRENCY_ID": Object {
    "isDynamic": false,
    "isImmutable": false,
    "isMultiple": false,
    "isReadOnly": false,
    "isRequired": false,
    "title": "Валюта",
    "type": "crm_currency",
  },
  "DATE_CLOSED": Object {
    "isDynamic": false,
    "isImmutable": false,
    "isMultiple": false,
    "isReadOnly": true,
    "isRequired": false,
    "title": "Дата завершения",
    "type": "datetime",
  },
  "DATE_CREATE": Object {
    "isDynamic": false,
    "isImmutable": false,
    "isMultiple": false,
    "isReadOnly": true,
    "isRequired": false,
    "title": "Дата создания",
    "type": "datetime",
  },
  "DATE_MODIFY": Object {
    "isDynamic": false,
    "isImmutable": false,
    "isMultiple": false,
    "isReadOnly": true,
    "isRequired": false,
    "title": "Дата изменения",
    "type": "datetime",
  },
  "EMAIL": Object {
    "isDynamic": false,
    "isImmutable": false,
    "isMultiple": true,
    "isReadOnly": false,
    "isRequired": false,
    "title": "E-mail",
    "type": "crm_multifield",
  },
  "HAS_EMAIL": Object {
    "isDynamic": false,
    "isImmutable": false,
    "isMultiple": false,
    "isReadOnly": true,
    "isRequired": false,
    "title": "Задан e-mail",
    "type": "char",
  },
  "HAS_IMOL": Object {
    "isDynamic": false,
    "isImmutable": false,
    "isMultiple": false,
    "isReadOnly": true,
    "isRequired": false,
    "title": "Задана открытая линия",
    "type": "char",
  },
  "HAS_PHONE": Object {
    "isDynamic": false,
    "isImmutable": false,
    "isMultiple": false,
    "isReadOnly": true,
    "isRequired": false,
    "title": "Задан телефон",
    "type": "char",
  },
  "HONORIFIC": Object {
    "isDynamic": false,
    "isImmutable": false,
    "isMultiple": false,
    "isReadOnly": false,
    "isRequired": false,
    "statusType": "HONORIFIC",
    "title": "Обращение",
    "type": "crm_status",
  },
  "ID": Object {
    "isDynamic": false,
    "isImmutable": false,
    "isMultiple": false,
    "isReadOnly": true,
    "isRequired": false,
    "title": "ID",
    "type": "integer",
  },
  "IM": Object {
    "isDynamic": false,
    "isImmutable": false,
    "isMultiple": true,
    "isReadOnly": false,
    "isRequired": false,
    "title": "Мессенджер",
    "type": "crm_multifield",
  },
  "IS_RETURN_CUSTOMER": Object {
    "isDynamic": false,
    "isImmutable": false,
    "isMultiple": false,
    "isReadOnly": true,
    "isRequired": false,
    "title": "Повторный лид",
    "type": "char",
  },
  "LAST_NAME": Object {
    "isDynamic": false,
    "isImmutable": false,
    "isMultiple": false,
    "isReadOnly": false,
    "isRequired": false,
    "title": "Фамилия",
    "type": "string",
  },
  "MODIFY_BY_ID": Object {
    "isDynamic": false,
    "isImmutable": false,
    "isMultiple": false,
    "isReadOnly": true,
    "isRequired": false,
    "title": "Кем изменен",
    "type": "user",
  },
  "NAME": Object {
    "isDynamic": false,
    "isImmutable": false,
    "isMultiple": false,
    "isReadOnly": false,
    "isRequired": false,
    "title": "Имя",
    "type": "string",
  },
  "OPENED": Object {
    "isDynamic": false,
    "isImmutable": false,
    "isMultiple": false,
    "isReadOnly": false,
    "isRequired": false,
    "title": "Доступен для всех",
    "type": "char",
  },
  "OPPORTUNITY": Object {
    "isDynamic": false,
    "isImmutable": false,
    "isMultiple": false,
    "isReadOnly": false,
    "isRequired": false,
    "title": "Сумма",
    "type": "double",
  },
  "ORIGINATOR_ID": Object {
    "isDynamic": false,
    "isImmutable": false,
    "isMultiple": false,
    "isReadOnly": false,
    "isRequired": false,
    "title": "Внешний источник",
    "type": "string",
  },
  "ORIGIN_ID": Object {
    "isDynamic": false,
    "isImmutable": false,
    "isMultiple": false,
    "isReadOnly": false,
    "isRequired": false,
    "title": "Идентификатор элемента во внешнем источнике",
    "type": "string",
  },
  "PHONE": Object {
    "isDynamic": false,
    "isImmutable": false,
    "isMultiple": true,
    "isReadOnly": false,
    "isRequired": false,
    "title": "Телефон",
    "type": "crm_multifield",
  },
  "POST": Object {
    "isDynamic": false,
    "isImmutable": false,
    "isMultiple": false,
    "isReadOnly": false,
    "isRequired": false,
    "title": "Должность",
    "type": "string",
  },
  "SECOND_NAME": Object {
    "isDynamic": false,
    "isImmutable": false,
    "isMultiple": false,
    "isReadOnly": false,
    "isRequired": false,
    "title": "Отчество",
    "type": "string",
  },
  "SOURCE_DESCRIPTION": Object {
    "isDynamic": false,
    "isImmutable": false,
    "isMultiple": false,
    "isReadOnly": false,
    "isRequired": false,
    "title": "Дополнительно об источнике",
    "type": "string",
  },
  "SOURCE_ID": Object {
    "isDynamic": false,
    "isImmutable": false,
    "isMultiple": false,
    "isReadOnly": false,
    "isRequired": false,
    "statusType": "SOURCE",
    "title": "Источник",
    "type": "crm_status",
  },
  "STATUS_DESCRIPTION": Object {
    "isDynamic": false,
    "isImmutable": false,
    "isMultiple": false,
    "isReadOnly": false,
    "isRequired": false,
    "title": "Дополнительно о статусе",
    "type": "string",
  },
  "STATUS_ID": Object {
    "isDynamic": false,
    "isImmutable": false,
    "isMultiple": false,
    "isReadOnly": false,
    "isRequired": false,
    "statusType": "STATUS",
    "title": "Статус",
    "type": "crm_status",
  },
  "STATUS_SEMANTIC_ID": Object {
    "isDynamic": false,
    "isImmutable": false,
    "isMultiple": false,
    "isReadOnly": true,
    "isRequired": false,
    "title": "Состояние статуса",
    "type": "string",
  },
  "TITLE": Object {
    "isDynamic": false,
    "isImmutable": false,
    "isMultiple": false,
    "isReadOnly": false,
    "isRequired": true,
    "title": "Название лида",
    "type": "string",
  },
  "UTM_CAMPAIGN": Object {
    "isDynamic": false,
    "isImmutable": false,
    "isMultiple": false,
    "isReadOnly": false,
    "isRequired": false,
    "title": "Обозначение рекламной кампании",
    "type": "string",
  },
  "UTM_CONTENT": Object {
    "isDynamic": false,
    "isImmutable": false,
    "isMultiple": false,
    "isReadOnly": false,
    "isRequired": false,
    "title": "Содержание кампании",
    "type": "string",
  },
  "UTM_MEDIUM": Object {
    "isDynamic": false,
    "isImmutable": false,
    "isMultiple": false,
    "isReadOnly": false,
    "isRequired": false,
    "title": "Тип трафика",
    "type": "string",
  },
  "UTM_SOURCE": Object {
    "isDynamic": false,
    "isImmutable": false,
    "isMultiple": false,
    "isReadOnly": false,
    "isRequired": false,
    "title": "Рекламная система",
    "type": "string",
  },
  "UTM_TERM": Object {
    "isDynamic": false,
    "isImmutable": false,
    "isMultiple": false,
    "isReadOnly": false,
    "isRequired": false,
    "title": "Условие поиска кампании",
    "type": "string",
  },
  "WEB": Object {
    "isDynamic": false,
    "isImmutable": false,
    "isMultiple": true,
    "isReadOnly": false,
    "isRequired": false,
    "title": "Сайт",
    "type": "crm_multifield",
  },
}
`;
