// Jest Snapshot v1, https://goo.gl/fbAQLP

exports[`Client \`batch\` should add to queue 1`] = `
Array [
  Array [
    [Function],
  ],
  Array [
    [Function],
  ],
]
`;

exports[`Client \`call\` should add to queue 1`] = `
Array [
  Array [
    [Function],
  ],
  Array [
    [Function],
  ],
]
`;

exports[`Client should expose API methods 1`] = `
Object {
  "batch": [Function],
  "call": [Function],
  "list": [Function],
}
`;

exports[`Client should extend \`Got\` instance with a specified parameters 1`] = `
Array [
  Array [
    Object {
      "headers": Object {
        "user-agent": "@2bad/bitrix",
      },
      "hooks": Object {
        "beforeRequest": Array [
          [Function],
        ],
      },
      "https": Object {
        "rejectUnauthorized": false,
      },
      "prefixUrl": "https://test.com",
      "responseType": "json",
    },
  ],
]
`;
