// Vitest Snapshot v1, https://vitest.dev/guide/snapshot.html

exports[`Client > should expose API methods 1`] = `
{
  "batch": [Function],
  "call": [Function],
  "list": [Function],
}
`;

exports[`Client > should extend \`Got\` instance with a specified parameters 1`] = `
[
  [
    {
      "headers": {
        "user-agent": "@2bad/bitrix",
      },
      "hooks": {
        "beforeRequest": [
          [Function],
        ],
      },
      "https": {
        "rejectUnauthorized": false,
      },
      "prefixUrl": "https://test.com",
      "responseType": "json",
    },
  ],
]
`;
