// Jest Snapshot v1, https://goo.gl/fbAQLP

exports[`Client \`batch\` should add to queue 1`] = `
Array [
  Array [
    [Function],
  ],
  Array [
    [Function],
  ],
]
`;

exports[`Client \`call\` should add to queue 1`] = `
Array [
  Array [
    [Function],
  ],
  Array [
    [Function],
  ],
]
`;
